Cadence Genus(TM) Synthesis Solution.
Copyright 2022 Cadence Design Systems, Inc. All rights reserved worldwide.
Cadence and the Cadence logo are registered trademarks and Genus is a trademark
of Cadence Design Systems, Inc. in the United States and other countries.

[17:43:56.275921] Configured Lic search path (21.01-s002): 5280@14.139.1.126

Version: 21.14-s082_1, built Thu Jun 23 02:02:08 PDT 2022
Options: 
Date:    Thu Aug 20 17:43:56 2026
Host:    c2snirma9.nirmauni.ac.in (x86_64 w/Linux 4.18.0-425.3.1.el8.x86_64) (12cores*20cpus*1physical cpu*12th Gen Intel(R) Core(TM) i7-12700 25600KB) (15871132KB)
PID:     30973
OS:      Red Hat Enterprise Linux release 8.7 (Ootpa)


[17:44:17.056347] Periodic Lic check successful
[17:44:17.056355] Feature usage summary:
[17:44:17.056355] Genus_Synthesis
Checking out license: Genus_Synthesis (21 seconds elapsed).


***********************************************************************************************************
***********************************************************************************************************



Loading tool scripts...
Finished loading tool scripts (4 seconds elapsed).

WARNING: This version of the tool is 1519 days old.
@genus:root: 1> genus -gui -f run.tcl
